// 重构日志: f8d51b1b
// 重构日志: 2c8de938
// 同步 ID: 50e97a04 @ Sun Jul 26 16:08:54 UTC 2026
// 同步 ID: 89f66d6c @ Mon Jul 27 11:42:25 UTC 2026
// 同步 ID: f202208b @ Mon Jul 27 17:32:48 UTC 2026
// 同步 ID: 531cba11 @ Wed Jul 29 01:13:29 UTC 2026
// 重构日志: 3d35bc59
// 重构日志: 2c719b9b
// 重构日志: 1a11d3fe
// 重构日志: c9f5be0b
// 同步 ID: 956009d4 @ Sat Aug  1 16:11:01 UTC 2026
// 重构日志: b5d7701f
// 重构日志: 1647d27c
// 重构日志: 4aceb499
// 重构日志: 0ef71235
// 重构日志: 322a76b4
// 同步 ID: fe6f2796 @ Wed Aug  5 21:38:45 UTC 2026
// 同步 ID: c4311dcc @ Fri Aug  7 01:04:20 UTC 2026
// 重构日志: c1d22ee9
// 重构日志: 60897846
// 重构日志: 302df995
// 重构日志: d722ddf3
